// Jest Snapshot v1, https://goo.gl/fbAQLP

exports[`<ShippingSimulator /> component should match snapshot with skuId and seller 1`] = `
<form
  class="shippingContainer t-small c-on-base"
>
  <label
    class="shippingZipcodeLabel c-muted-2 db t-small mb3"
    for="shipping-zipcode"
  >
    Calculate shipping
  </label>
  <div
    class="flex"
  >
    <input
      id="shipping-zipcode"
      name="zipcode"
      type="text"
      value=""
    />
    <button
      type="button"
    >
       Ok 
    </button>
  </div>
</form>
`;

exports[`<ShippingSimulator /> component should match snapshot without skuId and seller 1`] = `
<div
  class="shippingContainer"
>
  <div
    class="content-loader-mock"
  >
    <rect
      height="100%"
      width="7em"
    />
    <rect
      height="100%"
      width="15em"
      x="8em"
    />
  </div>
</div>
`;
