// Jest Snapshot v1, https://goo.gl/fbAQLP

exports[`<BuyButton /> should match snapshot 1`] = `undefined`;
